// Jest Snapshot v1, https://goo.gl/fbAQLP

exports[`<WarningLabel> Doesn't render when there isn't "recheck" status 1`] = `null`;

exports[`<WarningLabel> Renders correctly 1`] = `
<span
  className="sc-gzVnrw dvDegH"
  color="warn"
>
  Step(s) need rechecking as the DIP was edited since these steps were last amended
</span>
`;
