// Jest Snapshot v1, https://goo.gl/fbAQLP

exports[`representAsTransactions e2e test 1`] = `
Array [
  Object {
    "Date": "2019-12-31T00:00:00",
    "Debits": 3850,
    "Description": " Interest",
    "FormattedDate": "31/12/2019 to 30/01/2020",
    "Type": "Interest",
  },
  Object {
    "Date": "2020-01-31T00:00:00",
    "Debits": 3850,
    "Description": " Interest",
    "FormattedDate": "31/01/2020 to 28/02/2020",
    "Type": "Interest",
  },
  Object {
    "Date": "2020-02-29T00:00:00",
    "Debits": 3850,
    "Description": " Interest",
    "FormattedDate": "29/02/2020 to 30/03/2020",
    "Type": "Interest",
  },
  Object {
    "Date": "2020-03-31T00:00:00",
    "Debits": 3850,
    "Description": " Interest",
    "FormattedDate": "31/03/2020 to 29/04/2020",
    "Type": "Interest",
  },
  Object {
    "Date": "2020-04-30T00:00:00",
    "Debits": 3850,
    "Description": " Interest",
    "FormattedDate": "30/04/2020 to 30/05/2020",
    "Type": "Interest",
  },
  Object {
    "Date": "2020-05-31T00:00:00",
    "Debits": 3850,
    "Description": " Interest",
    "FormattedDate": "31/05/2020 to 29/06/2020",
    "Type": "Interest",
  },
  Object {
    "Date": "2020-06-30T00:00:00",
    "Debits": 3850,
    "Description": " Interest",
    "FormattedDate": "30/06/2020 to 30/07/2020",
    "Type": "Interest",
  },
  Object {
    "Date": "2020-07-31T00:00:00",
    "Debits": 3850,
    "Description": " Interest",
    "FormattedDate": "31/07/2020 to 30/08/2020",
    "Type": "Interest",
  },
  Object {
    "Date": "2020-08-31T00:00:00",
    "Debits": 3850,
    "Description": " Interest",
    "FormattedDate": "31/08/2020 to 29/09/2020",
    "Type": "Interest",
  },
  Object {
    "Date": "2020-09-30T00:00:00",
    "Debits": 3850,
    "Description": " Interest",
    "FormattedDate": "30/09/2020 to 30/10/2020",
    "Type": "Interest",
  },
  Object {
    "Date": "2020-10-31T00:00:00",
    "Debits": 3850,
    "Description": " Interest",
    "FormattedDate": "31/10/2020 to 29/11/2020",
    "Type": "Interest",
  },
  Object {
    "Date": "2020-11-30T00:00:00",
    "Debits": 3593.3333333333335,
    "Description": " Interest",
    "FormattedDate": "30/11/2020 to 27/12/2020",
    "Type": "Interest",
  },
  Object {
    "Date": "2020-12-28T00:00:00",
    "Debits": 478.90614896459584,
    "Description": " Interest",
    "FormattedDate": "28/12/2020 to 29/12/2020",
    "Type": "Interest",
  },
  Object {
    "Date": "2020-12-31T00:00:00",
    "Debits": 350.57281563126253,
    "Description": "Extension Interest",
    "FormattedDate": "31/12/2020 to 31/12/2020",
    "Type": "Interest",
  },
  Object {
    "Date": "2021-01-01T00:00:00",
    "Debits": 350.57281563126253,
    "Description": "Extension Interest",
    "FormattedDate": "01/01/2021 to 01/01/2021",
    "Type": "Interest",
  },
  Object {
    "Date": "2021-01-02T00:00:00",
    "Debits": 350.57281563126253,
    "Description": "Extension Interest",
    "FormattedDate": "02/01/2021 to 02/01/2021",
    "Type": "Interest",
  },
  Object {
    "Date": "2021-01-03T00:00:00",
    "Debits": 9114.893206412826,
    "Description": "Extension Interest",
    "FormattedDate": "03/01/2021 to 28/01/2021",
    "Type": "Interest",
  },
  Object {
    "Date": "2021-01-29T00:00:00",
    "Debits": 350.57281563126253,
    "Description": "Extension Interest",
    "FormattedDate": "29/01/2021 to 29/01/2021",
    "Type": "Interest",
  },
  Object {
    "Date": "2021-01-31T00:00:00",
    "Debits": 721.4788479024716,
    "Description": "Default Interest",
    "FormattedDate": "31/01/2021 to 01/02/2021",
    "Type": "Interest",
  },
  Object {
    "Credits": 1000,
    "Date": "2021-02-02T00:00:00",
    "Description": "Interest Rebate (Manual)",
    "FormattedDate": "02/02/2021",
    "Type": "Adjustment",
  },
  Object {
    "Date": "2021-02-02T00:00:00",
    "Debits": 1000,
    "Description": "Further Advance on a Single Advance Loan",
    "FormattedDate": "02/02/2021",
    "Type": "Adjustment",
  },
  Object {
    "Date": "2021-02-02T00:00:00",
    "Debits": 360.7394239512358,
    "Description": "Default Interest",
    "FormattedDate": "02/02/2021 to 02/02/2021",
    "Type": "Interest",
  },
  Object {
    "Credits": 1000,
    "Date": "2021-02-03T00:00:00",
    "Description": "Ad-Hoc Balance Reduction",
    "FormattedDate": "03/02/2021",
    "Type": "Adjustment",
  },
  Object {
    "Credits": 123,
    "Date": "2021-02-03T00:00:00",
    "Description": "Import Adjustment",
    "FormattedDate": "03/02/2021",
    "Type": "Adjustment",
  },
  Object {
    "Credits": 123,
    "Date": "2021-02-03T00:00:00",
    "Description": "Ad-Hoc Balance Reduction",
    "FormattedDate": "03/02/2021",
    "Type": "Adjustment",
  },
  Object {
    "Credits": 1000,
    "Date": "2021-02-03T00:00:00",
    "Description": "Import Adjustment",
    "FormattedDate": "03/02/2021",
    "Type": "Adjustment",
  },
  Object {
    "Date": "2021-02-03T00:00:00",
    "Debits": 1000,
    "Description": "Import Adjustment",
    "FormattedDate": "03/02/2021",
    "Type": "Adjustment",
  },
  Object {
    "Date": "2021-02-03T00:00:00",
    "Debits": 1000,
    "Description": "Litigation",
    "FormattedDate": "03/02/2021",
    "Type": "Adjustment",
  },
  Object {
    "Date": "2021-02-03T00:00:00",
    "Debits": 360.4934239512358,
    "Description": "Default Interest",
    "FormattedDate": "03/02/2021 to 03/02/2021",
    "Type": "Interest",
  },
  Object {
    "Credits": 1000,
    "Date": "2021-02-04T00:00:00",
    "Description": "Import Adjustment",
    "FormattedDate": "04/02/2021",
    "Type": "Adjustment",
  },
  Object {
    "Date": "2021-02-04T00:00:00",
    "Debits": 2156.9605437074147,
    "Description": "Default Interest",
    "FormattedDate": "04/02/2021 to 09/02/2021",
    "Type": "Interest",
  },
  Object {
    "Credits": 1000,
    "Date": "2021-02-10T00:00:00",
    "Description": "Partial Redemption - Foo",
    "FormattedDate": "10/02/2021",
    "Type": "Adjustment",
  },
  Object {
    "Credits": 1000,
    "Date": "2021-02-10T00:00:00",
    "Description": "Redemption",
    "FormattedDate": "10/02/2021",
    "Type": "Adjustment",
  },
  Object {
    "Date": "2021-02-10T00:00:00",
    "Debits": 1000,
    "Description": "Ad-Hoc Cost",
    "FormattedDate": "10/02/2021",
    "Type": "Adjustment",
  },
  Object {
    "Date": "2021-02-10T00:00:00",
    "Debits": 358.4934239512358,
    "Description": "Default Interest",
    "FormattedDate": "10/02/2021 to 10/02/2021",
    "Type": "Interest",
  },
  Object {
    "Date": "2021-02-11T00:00:00",
    "Debits": 123,
    "Description": "Import Adjustment",
    "FormattedDate": "11/02/2021",
    "Type": "Adjustment",
  },
  Object {
    "Credits": 1000,
    "Date": "2021-02-11T00:00:00",
    "Description": "Partial Redemption",
    "FormattedDate": "11/02/2021",
    "Type": "Adjustment",
  },
  Object {
    "Date": "2021-02-11T00:00:00",
    "Debits": 357.6164239512358,
    "Description": "Default Interest",
    "FormattedDate": "11/02/2021 to 11/02/2021",
    "Type": "Interest",
  },
  Object {
    "Date": "2021-02-12T00:00:00",
    "Debits": 1000,
    "Description": "Ad-Hoc Cost",
    "FormattedDate": "12/02/2021",
    "Type": "Adjustment",
  },
  Object {
    "Date": "2021-02-12T00:00:00",
    "Debits": 1075.8492718537075,
    "Description": "Default Interest",
    "FormattedDate": "12/02/2021 to 14/02/2021",
    "Type": "Interest",
  },
]
`;
